This is pdfTeX, Version 3.141592653-2.6-1.40.26 (TeX Live 2024) (preloaded format=pdflatex 2024.9.17)  9 DEC 2025 03:53
entering extended mode
 restricted \write18 enabled.
 file:line:error style messages enabled.
 %&-line parsing enabled.
**/Users/pabo/Desktop/IP_Contents/SocleProject/SocleCalculator/tex_tables/t1.tex
(/Users/pabo/Desktop/IP_Contents/SocleProject/SocleCalculator/tex_tables/t1.tex
LaTeX2e <2023-11-01> patch level 1
L3 programming layer <2024-02-20>
)
! Emergency stop.
<*> ...leProject/SocleCalculator/tex_tables/t1.tex
                                                  
*** (job aborted, no legal \end found)

 
Here is how much of TeX's memory you used:
 17 strings out of 474116
 577 string characters out of 5743682
 1925187 words of memory out of 5000000
 22476 multiletter control sequences out of 15000+600000
 558069 words of font info for 36 fonts, out of 8000000 for 9000
 1141 hyphenation exceptions out of 8191
 12i,0n,13p,110b,8s stack positions out of 10000i,1000n,20000p,200000b,200000s
!  ==> Fatal error occurred, no output PDF file produced!
